<testsuites id="" name="" tests="7" failures="0" skipped="0" errors="0" time="33.127313">
<testsuite name="black-box\NotificationsTest\notifications-simple.spec.ts" timestamp="2025-10-28T22:25:07.287Z" hostname="notifications-simple" tests="2" failures="0" skipped="0" time="1.518" errors="0">
<testcase name="NOTIFICATIONS MODULE - SIMPLE TESTS › Crear notificación simple" classname="black-box\NotificationsTest\notifications-simple.spec.ts" time="1.064">
</testcase>
<testcase name="NOTIFICATIONS MODULE - SIMPLE TESTS › Listar notificaciones" classname="black-box\NotificationsTest\notifications-simple.spec.ts" time="0.454">
</testcase>
</testsuite>
<testsuite name="black-box\RolesTest\roles-simple.spec.ts" timestamp="2025-10-28T22:25:07.287Z" hostname="roles-simple" tests="1" failures="0" skipped="0" time="0.857" errors="0">
<testcase name="ROLES MODULE - SIMPLE TESTS › Listar roles" classname="black-box\RolesTest\roles-simple.spec.ts" time="0.857">
</testcase>
</testsuite>
<testsuite name="black-box\UsersTest\users-simple.spec.ts" timestamp="2025-10-28T22:25:07.287Z" hostname="users-simple" tests="2" failures="0" skipped="0" time="1.386" errors="0">
<testcase name="USERS MODULE - SIMPLE TESTS › Listar usuarios" classname="black-box\UsersTest\users-simple.spec.ts" time="0.952">
</testcase>
<testcase name="USERS MODULE - SIMPLE TESTS › Obtener perfil propio" classname="black-box\UsersTest\users-simple.spec.ts" time="0.434">
</testcase>
</testsuite>
<testsuite name="black-box\AuditTest\audit-simple.spec.ts" timestamp="2025-10-28T22:25:07.287Z" hostname="audit-simple" tests="2" failures="0" skipped="0" time="1.294" errors="0">
<testcase name="AUDIT MODULE - SIMPLE TESTS › Listar registros de auditoría" classname="black-box\AuditTest\audit-simple.spec.ts" time="0.838">
</testcase>
<testcase name="AUDIT MODULE - SIMPLE TESTS › Obtener estadísticas de auditoría" classname="black-box\AuditTest\audit-simple.spec.ts" time="0.456">
</testcase>
</testsuite>
</testsuites>